Validation Results
------------------
Accuracy : 0.7366
Macro F1 : 0.7330
ROC AUC  : 0.8192
PR AUC   : 0.7632

Classification Report:
              precision    recall  f1-score   support

        FAKE       0.79      0.74      0.76      1325
        REAL       0.67      0.73      0.70       972

    accuracy                           0.74      2297
   macro avg       0.73      0.74      0.73      2297
weighted avg       0.74      0.74      0.74      2297


Test Results
------------
Accuracy : 0.7400
Macro F1 : 0.7364
ROC AUC  : 0.8198
PR AUC   : 0.7470

Classification Report:
              precision    recall  f1-score   support

        FAKE       0.79      0.74      0.77      1323
        REAL       0.68      0.74      0.71       973

    accuracy                           0.74      2296
   macro avg       0.74      0.74      0.74      2296
weighted avg       0.74      0.74      0.74      2296